..............................

Finished in 0.88251 seconds (files took 2.1 seconds to load)
30 examples, 0 failures

